[2026-08-07 16:55:36] [INFO] ExchangeAI health assessment started.
[2026-08-07 16:55:37] [INFO] Tenant detected: MSFT
[2026-08-07 16:55:37] [INFO] Starting health check: Accepted Domains
[2026-08-07 16:55:38] [INFO] Completed health check: Accepted Domains
[2026-08-07 16:55:38] [INFO] Starting health check: DKIM
[2026-08-07 16:55:38] [INFO] Completed health check: DKIM
[2026-08-07 16:55:38] [INFO] Starting health check: SPF
[2026-08-07 16:55:38] [INFO] Completed health check: SPF
[2026-08-07 16:55:38] [INFO] Starting health check: DMARC
[2026-08-07 16:55:39] [INFO] Completed health check: DMARC
[2026-08-07 16:55:39] [INFO] Starting health check: SMTP AUTH
[2026-08-07 16:55:39] [INFO] Completed health check: SMTP AUTH
[2026-08-07 16:55:39] [INFO] Starting health check: External Forwarding
[2026-08-07 16:55:39] [INFO] Completed health check: External Forwarding
[2026-08-07 16:55:39] [INFO] ExchangeAI health assessment completed.
[2026-08-07 16:55:40] [INFO] HTML assessment report generated successfully.
[2026-08-07 17:00:15] [INFO] ExchangeAI health assessment started.
[2026-08-07 17:00:17] [INFO] Tenant detected: MSFT
[2026-08-07 17:00:17] [INFO] Starting health check: Accepted Domains
[2026-08-07 17:00:17] [INFO] Completed health check: Accepted Domains
[2026-08-07 17:00:17] [INFO] Starting health check: DKIM
[2026-08-07 17:00:17] [INFO] Completed health check: DKIM
[2026-08-07 17:00:17] [INFO] Starting health check: SPF
[2026-08-07 17:00:18] [INFO] Completed health check: SPF
[2026-08-07 17:00:18] [INFO] Starting health check: DMARC
[2026-08-07 17:00:18] [INFO] Completed health check: DMARC
[2026-08-07 17:00:18] [INFO] Starting health check: SMTP AUTH
[2026-08-07 17:00:18] [INFO] Completed health check: SMTP AUTH
[2026-08-07 17:00:18] [INFO] Starting health check: External Forwarding
[2026-08-07 17:00:19] [INFO] Completed health check: External Forwarding
[2026-08-07 17:00:19] [INFO] ExchangeAI health assessment completed.
[2026-08-07 17:00:19] [INFO] HTML assessment report generated successfully.
[2026-08-07 17:03:00] [INFO] ExchangeAI health assessment started.
[2026-08-07 17:03:01] [INFO] Tenant detected: MSFT
[2026-08-07 17:03:01] [INFO] Starting health check: Accepted Domains
[2026-08-07 17:03:01] [INFO] Completed health check: Accepted Domains
[2026-08-07 17:03:01] [INFO] Starting health check: DKIM
[2026-08-07 17:03:01] [INFO] Completed health check: DKIM
[2026-08-07 17:03:01] [INFO] Starting health check: SPF
[2026-08-07 17:03:02] [INFO] Completed health check: SPF
[2026-08-07 17:03:02] [INFO] Starting health check: DMARC
[2026-08-07 17:03:02] [INFO] Completed health check: DMARC
[2026-08-07 17:03:02] [INFO] Starting health check: SMTP AUTH
[2026-08-07 17:03:02] [INFO] Completed health check: SMTP AUTH
[2026-08-07 17:03:02] [INFO] Starting health check: External Forwarding
[2026-08-07 17:03:03] [INFO] Completed health check: External Forwarding
[2026-08-07 17:03:03] [INFO] ExchangeAI health assessment completed.
[2026-08-07 17:03:03] [INFO] HTML assessment report generated successfully.
